
### bunny dphi=90 seed=1 overlap=0.65
  grouping    mutual  n=  80 rot=   0.20 OK    0.9s
  grouping    topk2   n= 464 rot=   0.20 OK    1.0s
  grouping    topk5   n=1160 rot=   0.19 OK    1.5s
  distance    mutual  n=  80 rot=   0.19 OK    0.9s
  distance    topk2   n= 464 rot=   0.20 OK    1.2s
  distance    topk5   n=1160 rot=   0.20 OK    1.5s
  ransac      mutual  n=  80 rot=   0.20 OK    3.0s
  ransac      topk2   n= 464 rot=   0.20 OK    1.6s
  ransac      topk5   n=1160 rot=   0.19 OK    1.5s
  o3d_ransac  mutual  n=  80 rot=   0.20 OK    0.8s
  o3d_ransac  topk2   n= 464 rot=   0.20 OK    0.8s
  o3d_ransac  topk5   n=1160 rot=   0.20 OK    0.8s

### bunny dphi=90 seed=2 overlap=0.65
  grouping    mutual  n=  80 rot=   0.20 OK    0.8s
  grouping    topk2   n= 464 rot=   0.20 OK    0.9s
  grouping    topk5   n=1160 rot=   0.19 OK    1.4s
  distance    mutual  n=  80 rot=   0.19 OK    0.9s
  distance    topk2   n= 464 rot=   0.20 OK    1.2s
  distance    topk5   n=1160 rot=   0.20 OK    1.6s
  ransac      mutual  n=  80 rot=   0.20 OK    3.1s
  ransac      topk2   n= 464 rot=   0.20 OK    1.6s
  ransac      topk5   n=1160 rot=   0.20 OK    1.5s
  o3d_ransac  mutual  n=  80 rot=   0.20 OK    0.7s
  o3d_ransac  topk2   n= 464 rot=   0.20 OK    0.7s
  o3d_ransac  topk5   n=1160 rot=   0.20 OK    0.8s

### bunny dphi=90 seed=3 overlap=0.65
  grouping    mutual  n=  80 rot=   0.20 OK    0.8s
  grouping    topk2   n= 464 rot=   0.20 OK    0.9s
  grouping    topk5   n=1160 rot=   0.19 OK    1.5s
  distance    mutual  n=  80 rot=   0.19 OK    0.8s
  distance    topk2   n= 464 rot=   0.20 OK    1.1s
  distance    topk5   n=1160 rot=   0.20 OK    1.6s
  ransac      mutual  n=  80 rot=   0.20 OK    3.0s
  ransac      topk2   n= 464 rot=   0.20 OK    1.5s
  ransac      topk5   n=1160 rot=   0.20 OK    1.5s
  o3d_ransac  mutual  n=  80 rot=   0.20 OK    0.8s
  o3d_ransac  topk2   n= 464 rot=   0.20 OK    0.7s
  o3d_ransac  topk5   n=1160 rot=   0.20 OK    0.8s

### bunny dphi=120 seed=1 overlap=0.40
  grouping    mutual  n=  65 rot=  29.16 FAIL   0.8s
  grouping    topk2   n= 464 rot=  54.51 FAIL   0.8s
  grouping    topk5   n=1160 rot=   0.64 OK    1.4s
  distance    mutual  n=  65 rot=  54.52 FAIL   0.9s
  distance    topk2   n= 464 rot=  54.50 FAIL   1.0s
  distance    topk5   n=1160 rot=   0.64 OK    1.3s
  ransac      mutual  n=  65 rot=  54.52 FAIL   1.8s
  ransac      topk2   n= 464 rot=  54.51 FAIL   1.5s
  ransac      topk5   n=1160 rot=   0.64 OK    1.5s
  o3d_ransac  mutual  n=  65 rot=  54.52 FAIL   0.9s
  o3d_ransac  topk2   n= 464 rot=  29.16 FAIL   0.8s
  o3d_ransac  topk5   n=1160 rot=  80.69 FAIL   0.8s

### bunny dphi=120 seed=2 overlap=0.40
  grouping    mutual  n=  65 rot=  29.16 FAIL   0.9s
  grouping    topk2   n= 464 rot=  54.51 FAIL   0.8s
  grouping    topk5   n=1160 rot=   0.64 OK    1.5s
  distance    mutual  n=  65 rot=  54.52 FAIL   0.9s
  distance    topk2   n= 464 rot=  54.50 FAIL   1.0s
  distance    topk5   n=1160 rot=   0.64 OK    1.2s
  ransac      mutual  n=  65 rot=  54.52 FAIL   1.7s
  ransac      topk2   n= 464 rot=   0.64 OK    1.5s
  ransac      topk5   n=1160 rot=   0.64 OK    1.4s
  o3d_ransac  mutual  n=  65 rot=  54.52 FAIL   0.9s
  o3d_ransac  topk2   n= 464 rot=   0.64 OK    0.8s
  o3d_ransac  topk5   n=1160 rot=  38.27 FAIL   0.9s

### bunny dphi=120 seed=3 overlap=0.40
  grouping    mutual  n=  65 rot=  29.16 FAIL   0.8s
  grouping    topk2   n= 464 rot=  54.51 FAIL   0.8s
  grouping    topk5   n=1160 rot=   0.64 OK    1.4s
  distance    mutual  n=  65 rot=  54.52 FAIL   0.9s
  distance    topk2   n= 464 rot=  54.50 FAIL   0.9s
  distance    topk5   n=1160 rot=   0.64 OK    1.2s
  ransac      mutual  n=  65 rot=   0.64 OK    1.4s
  ransac      topk2   n= 464 rot=   0.64 OK    1.3s
  ransac      topk5   n=1160 rot=  54.52 FAIL   1.5s
  o3d_ransac  mutual  n=  65 rot=   0.65 OK    0.7s
  o3d_ransac  topk2   n= 464 rot=   0.64 OK    0.8s
  o3d_ransac  topk5   n=1160 rot=  39.82 FAIL   0.8s

### bunny dphi=135 seed=1 overlap=0.30
  grouping    mutual  n=  60 rot= 127.61 FAIL   0.7s
  grouping    topk2   n= 464 rot=  37.31 FAIL   0.8s
  grouping    topk5   n=1160 rot=  81.68 FAIL   1.6s
  distance    mutual  n=  60 rot=  81.68 FAIL   1.0s
  distance    topk2   n= 464 rot=  81.68 FAIL   1.0s
  distance    topk5   n=1160 rot=  58.61 FAIL   1.3s
  ransac      mutual  n=  60 rot=   1.82 OK    1.4s
  ransac      topk2   n= 464 rot=  80.03 FAIL   1.5s
  ransac      topk5   n=1160 rot=  58.24 FAIL   1.4s
  o3d_ransac  mutual  n=  60 rot=   1.76 OK    0.8s
  o3d_ransac  topk2   n= 464 rot=   1.71 OK    0.7s
  o3d_ransac  topk5   n=1160 rot=   1.73 OK    0.8s

### bunny dphi=135 seed=2 overlap=0.30
  grouping    mutual  n=  60 rot= 148.43 FAIL   1.0s
  grouping    topk2   n= 464 rot=  37.31 FAIL   0.8s
  grouping    topk5   n=1160 rot=  81.68 FAIL   1.5s
  distance    mutual  n=  60 rot=  81.68 FAIL   0.9s
  distance    topk2   n= 464 rot=  81.68 FAIL   0.9s
  distance    topk5   n=1160 rot=  58.24 FAIL   1.3s
  ransac      mutual  n=  60 rot=   1.73 OK    1.4s
  ransac      topk2   n= 464 rot=   1.73 OK    1.4s
  ransac      topk5   n=1160 rot=  54.94 FAIL   1.4s
  o3d_ransac  mutual  n=  60 rot=   1.82 OK    0.8s
  o3d_ransac  topk2   n= 464 rot=  36.99 FAIL   1.0s
  o3d_ransac  topk5   n=1160 rot=  82.41 FAIL   0.9s

### bunny dphi=135 seed=3 overlap=0.30
  grouping    mutual  n=  60 rot= 169.37 FAIL   0.7s
  grouping    topk2   n= 464 rot=  37.31 FAIL   0.8s
  grouping    topk5   n=1160 rot=  81.68 FAIL   1.5s
  distance    mutual  n=  60 rot=  81.68 FAIL   0.9s
  distance    topk2   n= 464 rot=  81.68 FAIL   0.9s
  distance    topk5   n=1160 rot=  58.61 FAIL   1.3s
  ransac      mutual  n=  60 rot=  81.68 FAIL   1.5s
  ransac      topk2   n= 464 rot=  58.81 FAIL   1.6s
  ransac      topk5   n=1160 rot=   1.73 OK    1.3s
  o3d_ransac  mutual  n=  60 rot=   1.82 OK    0.7s
  o3d_ransac  topk2   n= 464 rot=   1.75 OK    0.7s
  o3d_ransac  topk5   n=1160 rot=   1.71 OK    0.8s

### bunny dphi=150 seed=1 overlap=0.24
  grouping    mutual  n=  67 rot= 127.61 FAIL   0.6s
  grouping    topk2   n= 464 rot=  39.79 FAIL   0.9s
  grouping    topk5   n=1160 rot=  60.21 FAIL   1.4s
  distance    mutual  n=  67 rot=  86.44 FAIL   0.9s
  distance    topk2   n= 464 rot=   2.56 OK    0.8s
  distance    topk5   n=1160 rot=  37.99 FAIL   1.2s
  ransac      mutual  n=  67 rot= 132.96 FAIL   1.4s
  ransac      topk2   n= 464 rot=  82.65 FAIL   1.5s
  ransac      topk5   n=1160 rot=  38.59 FAIL   1.4s
  o3d_ransac  mutual  n=  67 rot= 179.64 FAIL   0.8s
  o3d_ransac  topk2   n= 464 rot=  40.43 FAIL   0.8s
  o3d_ransac  topk5   n=1160 rot=   2.59 OK    0.8s

### bunny dphi=150 seed=2 overlap=0.24
  grouping    mutual  n=  67 rot=  89.95 FAIL   1.0s
  grouping    topk2   n= 464 rot=  39.79 FAIL   0.9s
  grouping    topk5   n=1160 rot=  60.21 FAIL   1.5s
  distance    mutual  n=  67 rot=  86.44 FAIL   0.9s
  distance    topk2   n= 464 rot=   2.56 OK    0.8s
  distance    topk5   n=1160 rot=  37.99 FAIL   1.3s
  ransac      mutual  n=  67 rot=  86.44 FAIL   1.5s
  ransac      topk2   n= 464 rot=   2.59 OK    1.5s
  ransac      topk5   n=1160 rot=  30.05 FAIL   1.4s
  o3d_ransac  mutual  n=  67 rot= 152.29 FAIL   0.8s
  o3d_ransac  topk2   n= 464 rot=  40.43 FAIL   0.8s
  o3d_ransac  topk5   n=1160 rot=   2.50 OK    0.8s

### bunny dphi=150 seed=3 overlap=0.24
  grouping    mutual  n=  67 rot= 169.37 FAIL   0.6s
  grouping    topk2   n= 464 rot=  39.79 FAIL   0.9s
  grouping    topk5   n=1160 rot=  60.21 FAIL   1.5s
  distance    mutual  n=  67 rot=  86.44 FAIL   1.0s
  distance    topk2   n= 464 rot=   2.56 OK    0.9s
  distance    topk5   n=1160 rot=  37.99 FAIL   1.3s
  ransac      mutual  n=  67 rot=  83.85 FAIL   1.4s
  ransac      topk2   n= 464 rot=  82.43 FAIL   1.4s
  ransac      topk5   n=1160 rot=   2.59 OK    1.4s
  o3d_ransac  mutual  n=  67 rot= 132.90 FAIL   0.8s
  o3d_ransac  topk2   n= 464 rot=  84.04 FAIL   0.9s
  o3d_ransac  topk5   n=1160 rot=   2.59 OK    0.8s

### armadillo dphi=90 seed=1 overlap=0.61
  grouping    mutual  n=  53 rot=   0.49 OK    0.6s
  grouping    topk2   n= 376 rot=   0.49 OK    0.7s
  grouping    topk5   n= 940 rot=   0.49 OK    1.0s
  distance    mutual  n=  53 rot=   0.49 OK    0.7s
  distance    topk2   n= 376 rot=   0.49 OK    0.7s
  distance    topk5   n= 940 rot=   0.49 OK    0.9s
  ransac      mutual  n=  53 rot=   0.49 OK    1.5s
  ransac      topk2   n= 376 rot=   0.49 OK    1.2s
  ransac      topk5   n= 940 rot=   0.49 OK    1.3s
  o3d_ransac  mutual  n=  53 rot=   0.49 OK    0.6s
  o3d_ransac  topk2   n= 376 rot=   0.50 OK    0.6s
  o3d_ransac  topk5   n= 940 rot=   0.49 OK    0.7s

### armadillo dphi=90 seed=2 overlap=0.61
  grouping    mutual  n=  53 rot=   0.49 OK    0.6s
  grouping    topk2   n= 376 rot=   0.49 OK    0.6s
  grouping    topk5   n= 940 rot=   0.49 OK    0.9s
  distance    mutual  n=  53 rot=   0.49 OK    0.6s
  distance    topk2   n= 376 rot=   0.49 OK    0.7s
  distance    topk5   n= 940 rot=   0.49 OK    0.9s
  ransac      mutual  n=  53 rot=   0.49 OK    1.4s
  ransac      topk2   n= 376 rot=   0.49 OK    1.2s
  ransac      topk5   n= 940 rot=   0.49 OK    1.2s
  o3d_ransac  mutual  n=  53 rot=   0.49 OK    0.6s
  o3d_ransac  topk2   n= 376 rot=   0.49 OK    0.7s
  o3d_ransac  topk5   n= 940 rot=   0.49 OK    0.6s

### armadillo dphi=90 seed=3 overlap=0.61
  grouping    mutual  n=  53 rot=   0.49 OK    0.6s
  grouping    topk2   n= 376 rot=   0.49 OK    0.6s
  grouping    topk5   n= 940 rot=   0.49 OK    0.9s
  distance    mutual  n=  53 rot=   0.49 OK    0.6s
  distance    topk2   n= 376 rot=   0.49 OK    0.7s
  distance    topk5   n= 940 rot=   0.49 OK    0.9s
  ransac      mutual  n=  53 rot=   0.49 OK    1.6s
  ransac      topk2   n= 376 rot=   0.49 OK    1.3s
  ransac      topk5   n= 940 rot=   0.49 OK    1.3s
  o3d_ransac  mutual  n=  53 rot=   0.49 OK    0.6s
  o3d_ransac  topk2   n= 376 rot=   0.49 OK    0.6s
  o3d_ransac  topk5   n= 940 rot=   0.49 OK    0.7s

### armadillo dphi=120 seed=1 overlap=0.37
  grouping    mutual  n=  45 rot=  21.28 FAIL   0.7s
  grouping    topk2   n= 376 rot= 105.47 FAIL   0.7s
  grouping    topk5   n= 940 rot= 157.33 FAIL   0.9s
  distance    mutual  n=  45 rot= 159.37 FAIL   0.7s
  distance    topk2   n= 376 rot=  79.30 FAIL   0.8s
  distance    topk5   n= 940 rot=  21.36 FAIL   1.1s
  ransac      mutual  n=  45 rot=   1.26 OK    1.6s
  ransac      topk2   n= 376 rot= 164.47 FAIL   1.3s
  ransac      topk5   n= 940 rot=   1.26 OK    1.3s
  o3d_ransac  mutual  n=  45 rot= 114.34 FAIL   0.7s
  o3d_ransac  topk2   n= 376 rot=  79.32 FAIL   0.7s
  o3d_ransac  topk5   n= 940 rot= 105.95 FAIL   0.7s

### armadillo dphi=120 seed=2 overlap=0.37
  grouping    mutual  n=  45 rot=  21.28 FAIL   0.7s
  grouping    topk2   n= 376 rot= 105.47 FAIL   0.7s
  grouping    topk5   n= 940 rot= 157.33 FAIL   0.9s
  distance    mutual  n=  45 rot= 159.37 FAIL   0.7s
  distance    topk2   n= 376 rot=  79.30 FAIL   0.9s
  distance    topk5   n= 940 rot=  21.36 FAIL   1.2s
  ransac      mutual  n=  45 rot=  79.30 FAIL   1.8s
  ransac      topk2   n= 376 rot=  62.56 FAIL   1.4s
  ransac      topk5   n= 940 rot=   1.26 OK    1.4s
  o3d_ransac  mutual  n=  45 rot=   1.22 OK    0.6s
  o3d_ransac  topk2   n= 376 rot=   1.26 OK    0.8s
  o3d_ransac  topk5   n= 940 rot=   1.26 OK    0.7s

### armadillo dphi=120 seed=3 overlap=0.37
  grouping    mutual  n=  45 rot=  21.28 FAIL   0.7s
  grouping    topk2   n= 376 rot= 105.47 FAIL   0.7s
  grouping    topk5   n= 940 rot= 157.33 FAIL   1.0s
  distance    mutual  n=  45 rot= 159.37 FAIL   0.8s
  distance    topk2   n= 376 rot=  79.30 FAIL   0.8s
  distance    topk5   n= 940 rot=  21.36 FAIL   1.2s
  ransac      mutual  n=  45 rot=   1.26 OK    1.7s
  ransac      topk2   n= 376 rot=  79.30 FAIL   1.4s
  ransac      topk5   n= 940 rot= 139.57 FAIL   1.5s
  o3d_ransac  mutual  n=  45 rot=   1.22 OK    0.6s
  o3d_ransac  topk2   n= 376 rot=   1.22 OK    0.7s
  o3d_ransac  topk5   n= 940 rot=   1.26 OK    0.7s

### armadillo dphi=135 seed=1 overlap=0.28
  grouping    mutual  n=  62 rot=  59.52 FAIL   0.8s
  grouping    topk2   n= 376 rot= 155.62 FAIL   0.7s
  grouping    topk5   n= 940 rot= 179.86 FAIL   1.0s
  distance    mutual  n=  62 rot= 164.05 FAIL   0.7s
  distance    topk2   n= 376 rot=  87.70 FAIL   0.9s
  distance    topk5   n= 940 rot=  38.47 FAIL   1.1s
  ransac      mutual  n=  62 rot=  93.35 FAIL   3.1s
  ransac      topk2   n= 376 rot= 159.52 FAIL   1.6s
  ransac      topk5   n= 940 rot= 179.86 FAIL   1.4s
  o3d_ransac  mutual  n=  62 rot=   1.75 OK    0.7s
  o3d_ransac  topk2   n= 376 rot= 179.86 FAIL   0.7s
  o3d_ransac  topk5   n= 940 rot= 172.81 FAIL   0.8s

### armadillo dphi=135 seed=2 overlap=0.28
  grouping    mutual  n=  62 rot=  59.52 FAIL   0.8s
  grouping    topk2   n= 376 rot= 155.62 FAIL   0.7s
  grouping    topk5   n= 940 rot= 179.86 FAIL   1.1s
  distance    mutual  n=  62 rot= 164.05 FAIL   0.8s
  distance    topk2   n= 376 rot= 135.68 FAIL   1.0s
  distance    topk5   n= 940 rot=  38.47 FAIL   1.2s
  ransac      mutual  n=  62 rot= 145.24 FAIL   2.9s
  ransac      topk2   n= 376 rot=  93.35 FAIL   1.4s
  ransac      topk5   n= 940 rot=   1.75 OK    1.3s
  o3d_ransac  mutual  n=  62 rot=   1.75 OK    0.7s
  o3d_ransac  topk2   n= 376 rot=   1.75 OK    0.8s
  o3d_ransac  topk5   n= 940 rot=   1.70 OK    0.7s

### armadillo dphi=135 seed=3 overlap=0.28
  grouping    mutual  n=  62 rot=  59.52 FAIL   0.8s
  grouping    topk2   n= 376 rot= 155.62 FAIL   0.7s
  grouping    topk5   n= 940 rot= 179.86 FAIL   1.1s
  distance    mutual  n=  62 rot= 164.05 FAIL   0.7s
  distance    topk2   n= 376 rot= 135.68 FAIL   0.9s
  distance    topk5   n= 940 rot=  38.47 FAIL   1.2s
  ransac      mutual  n=  62 rot= 145.24 FAIL   3.1s
  ransac      topk2   n= 376 rot=   1.72 OK    1.5s
  ransac      topk5   n= 940 rot= 167.33 FAIL   1.3s
  o3d_ransac  mutual  n=  62 rot= 159.52 FAIL   0.7s
  o3d_ransac  topk2   n= 376 rot= 146.69 FAIL   0.7s
  o3d_ransac  topk5   n= 940 rot= 167.37 FAIL   0.7s

### armadillo dphi=150 seed=1 overlap=0.25
  grouping    mutual  n=  51 rot=  64.71 FAIL   0.8s
  grouping    topk2   n= 376 rot= 172.95 FAIL   0.8s
  grouping    topk5   n= 940 rot= 171.21 FAIL   1.0s
  distance    mutual  n=  51 rot= 166.31 FAIL   0.7s
  distance    topk2   n= 376 rot=   1.69 OK    0.8s
  distance    topk5   n= 940 rot= 172.95 FAIL   1.1s
  ransac      mutual  n=  51 rot= 170.61 FAIL   2.4s
  ransac      topk2   n= 376 rot=   1.69 OK    1.3s
  ransac      topk5   n= 940 rot= 173.51 FAIL   1.4s
  o3d_ransac  mutual  n=  51 rot=   1.74 OK    0.7s
  o3d_ransac  topk2   n= 376 rot= 177.36 FAIL   0.7s
  o3d_ransac  topk5   n= 940 rot= 164.85 FAIL   0.7s

### armadillo dphi=150 seed=2 overlap=0.25
  grouping    mutual  n=  50 rot=  64.71 FAIL   0.8s
  grouping    topk2   n= 376 rot= 172.95 FAIL   0.7s
  grouping    topk5   n= 940 rot= 171.21 FAIL   1.0s
  distance    mutual  n=  50 rot= 166.31 FAIL   0.7s
  distance    topk2   n= 376 rot=  87.23 FAIL   0.9s
  distance    topk5   n= 940 rot= 158.94 FAIL   1.2s
  ransac      mutual  n=  50 rot= 170.61 FAIL   2.2s
  ransac      topk2   n= 376 rot= 172.36 FAIL   1.4s
  ransac      topk5   n= 940 rot=  71.66 FAIL   1.2s
  o3d_ransac  mutual  n=  50 rot= 167.64 FAIL   0.7s
  o3d_ransac  topk2   n= 376 rot= 111.76 FAIL   0.7s
  o3d_ransac  topk5   n= 940 rot= 166.31 FAIL   0.7s

### armadillo dphi=150 seed=3 overlap=0.25
  grouping    mutual  n=  50 rot=  64.71 FAIL   0.8s
  grouping    topk2   n= 376 rot= 172.95 FAIL   0.7s
  grouping    topk5   n= 940 rot= 171.21 FAIL   1.0s
  distance    mutual  n=  50 rot= 166.31 FAIL   0.7s
  distance    topk2   n= 376 rot=  87.23 FAIL   0.9s
  distance    topk5   n= 940 rot= 158.94 FAIL   1.1s
  ransac      mutual  n=  50 rot= 170.61 FAIL   2.6s
  ransac      topk2   n= 376 rot= 141.47 FAIL   1.5s
  ransac      topk5   n= 940 rot=   1.74 OK    1.6s
  o3d_ransac  mutual  n=  50 rot=   1.74 OK    0.7s
  o3d_ransac  topk2   n= 376 rot= 111.30 FAIL   0.7s
  o3d_ransac  topk5   n= 940 rot=   1.74 OK    0.6s

=== RESUMEN por solver x matching (recall) ===
grouping    mutual  recall=0.25 t=0.8s
grouping    topk2   recall=0.25 t=0.8s
grouping    topk5   recall=0.38 t=1.2s
distance    mutual  recall=0.25 t=0.8s
distance    topk2   recall=0.42 t=0.9s
distance    topk5   recall=0.38 t=1.2s
ransac      mutual  recall=0.46 t=1.7s
ransac      topk2   recall=0.50 t=1.4s
ransac      topk5   recall=0.58 t=1.4s
o3d_ransac  mutual  recall=0.67 t=0.7s
o3d_ransac  topk2   recall=0.54 t=0.7s
o3d_ransac  topk5   recall=0.62 t=0.8s
